[bestwpware.com/html/tm/orange-demo/orange/index.html]
[backblue.gif]
[fade.gif]
[index.html]
[bestwpware.com/html/tm/orange-demo/orange/assets/bootstrap/css/bootstrap.min.css]
[fonts.googleapis.com/css22962.css]
[fonts.googleapis.com/css2496c.css]
[bestwpware.com/html/tm/orange-demo/orange/assets/fonts/font-awesome.min.css]
[bestwpware.com/html/tm/orange-demo/orange/assets/fonts/themify-icons.css]
[bestwpware.com/html/tm/orange-demo/orange/assets/owlcarousel/css/owl.carousel.css]
[bestwpware.com/html/tm/orange-demo/orange/assets/owlcarousel/css/owl.theme.css]
[bestwpware.com/html/tm/orange-demo/orange/assets/css/slicknav.css]
[bestwpware.com/html/tm/orange-demo/orange/assets/css/magnific-popup.css]
[bestwpware.com/html/tm/orange-demo/orange/assets/css/aos.css]
[bestwpware.com/html/tm/orange-demo/orange/assets/css/style.css]
[bestwpware.com/html/tm/orange-demo/orange/assets/css/switcher/switcher.css]
[bestwpware.com/html/tm/orange-demo/orange/assets/css/switcher/style1.css]
[bestwpware.com/html/tm/orange-demo/orange/assets/img/logo.png]
[bestwpware.com/html/tm/orange-demo/orange/assets/img/bg/static-bg.jpg]
[bestwpware.com/html/tm/orange-demo/orange/assets/img/team/team-1.jpg]
[bestwpware.com/html/tm/orange-demo/orange/assets/img/team/team-2.jpg]
[bestwpware.com/html/tm/orange-demo/orange/assets/img/team/team-3.jpg]
[bestwpware.com/html/tm/orange-demo/orange/assets/img/team/team-4.jpg]
[bestwpware.com/html/tm/orange-demo/orange/assets/img/bg/promotion-bg.jpg]
[bestwpware.com/html/tm/orange-demo/orange/assets/img/gallery/1.jpg]
[bestwpware.com/html/tm/orange-demo/orange/single_project.html]
[bestwpware.com/html/tm/orange-demo/orange/assets/img/gallery/2.jpg]
[bestwpware.com/html/tm/orange-demo/orange/assets/img/gallery/3.jpg]
[bestwpware.com/html/tm/orange-demo/orange/assets/img/gallery/4.jpg]
[bestwpware.com/html/tm/orange-demo/orange/assets/img/portfolio/1.jpg]
[bestwpware.com/html/tm/orange-demo/orange/assets/img/portfolio/2.jpg]
[bestwpware.com/html/tm/orange-demo/orange/assets/img/portfolio/3.jpg]
[bestwpware.com/html/tm/orange-demo/orange/assets/img/portfolio/4.jpg]
[bestwpware.com/html/tm/orange-demo/orange/assets/img/portfolio/5.jpg]
[bestwpware.com/html/tm/orange-demo/orange/assets/img/portfolio/6.jpg]
[bestwpware.com/html/tm/orange-demo/orange/assets/img/testimonial/img-1.jpg]
[bestwpware.com/html/tm/orange-demo/orange/assets/img/testimonial/img-2.jpg]
[bestwpware.com/html/tm/orange-demo/orange/assets/img/testimonial/img-3.jpg]
[bestwpware.com/html/tm/orange-demo/orange/assets/img/bg/pricing-bg.jpg]
[bestwpware.com/html/tm/orange-demo/orange/assets/img/bg/contact-bg.jpg]
[bestwpware.com/html/tm/orange-demo/orange/assets/js/jquery-1.12.4.min.js]
[bestwpware.com/html/tm/orange-demo/orange/assets/bootstrap/js/bootstrap.min.js]
[bestwpware.com/html/tm/orange-demo/orange/assets/js/modernizr-2.8.3.min.js]
[bestwpware.com/html/tm/orange-demo/orange/assets/js/jquery.nav.js]
[bestwpware.com/html/tm/orange-demo/orange/assets/js/jquery.slicknav.js]
[bestwpware.com/html/tm/orange-demo/orange/assets/js/smooth-scroll.js]
[bestwpware.com/html/tm/orange-demo/orange/assets/owlcarousel/js/owl.carousel.min.js]
[bestwpware.com/html/tm/orange-demo/orange/assets/js/jquery.magnific-popup.min.js]
[bestwpware.com/html/tm/orange-demo/orange/assets/js/jquery.mixitup.min.js]
[bestwpware.com/html/tm/orange-demo/orange/assets/js/jquery.stellar.min.js]
[bestwpware.com/html/tm/orange-demo/orange/assets/js/scrolltopcontrol.js]
[bestwpware.com/html/tm/orange-demo/orange/assets/js/aos.js]
[bestwpware.com/html/tm/orange-demo/orange/assets/js/ripples-min.js]
[bestwpware.com/html/tm/orange-demo/orange/assets/js/switcher.js]
[bestwpware.com/html/tm/orange-demo/orange/assets/js/form-contact.js]
[bestwpware.com/html/tm/orange-demo/orange/assets/js/scripts.js]
[bestwpware.com/html/tm/orange-demo/orange/index.html]
[bestwpware.com/html/tm/orange-demo/orange/assets/bootstrap/css/bootstrap.min.css]
[fonts.googleapis.com/css22962.css]
[fonts.googleapis.com/css2496c.css]
[bestwpware.com/html/tm/orange-demo/orange/assets/fonts/fontawesome-webfont3e6e.eot]
[bestwpware.com/html/tm/orange-demo/orange/assets/fonts/fontawesome-webfont3e6e.woff2]
[bestwpware.com/html/tm/orange-demo/orange/assets/fonts/fontawesome-webfontd41d.eot]
[bestwpware.com/html/tm/orange-demo/orange/assets/fonts/fontawesome-webfont3e6e.woff]
[bestwpware.com/html/tm/orange-demo/orange/assets/fonts/fontawesome-webfont3e6e.ttf]
[bestwpware.com/html/tm/orange-demo/orange/assets/fonts/font-awesome.min.css]
[bestwpware.com/html/tm/orange-demo/orange/assets/fonts/themify9f24.eot]
[bestwpware.com/html/tm/orange-demo/orange/assets/fonts/fontawesome-webfont3e6e.svg]
[bestwpware.com/html/tm/orange-demo/orange/assets/fonts/themifyd41d.eot]
[bestwpware.com/html/tm/orange-demo/orange/assets/fonts/themify9f24.woff]
[bestwpware.com/html/tm/orange-demo/orange/assets/fonts/themify9f24.ttf]
[bestwpware.com/html/tm/orange-demo/orange/assets/fonts/themify-icons.css]
[bestwpware.com/html/tm/orange-demo/orange/assets/fonts/themify9f24.svg]
[bestwpware.com/html/tm/orange-demo/orange/assets/owlcarousel/css/grabbing.png]
[bestwpware.com/html/tm/orange-demo/orange/assets/owlcarousel/css/owl.carousel.css]
[bestwpware.com/html/tm/orange-demo/orange/assets/owlcarousel/css/AjaxLoader.gif]
[bestwpware.com/html/tm/orange-demo/orange/assets/owlcarousel/css/owl.theme.css]
[bestwpware.com/html/tm/orange-demo/orange/assets/css/slicknav.css]
[bestwpware.com/html/tm/orange-demo/orange/assets/css/magnific-popup.css]
[bestwpware.com/html/tm/orange-demo/orange/assets/css/aos.css]
[bestwpware.com/html/tm/orange-demo/orange/assets/css/style.css]
[bestwpware.com/html/tm/orange-demo/orange/assets/css/switcher/switcher.css]
[bestwpware.com/html/tm/orange-demo/orange/assets/css/switcher/style1.css]
[bestwpware.com/html/tm/orange-demo/orange/single_project.html]
[bestwpware.com/html/tm/orange-demo/orange/assets/fonts/fontawesome-webfont3e6e.svg]
[bestwpware.com/html/tm/orange-demo/orange/assets/fonts/themify9f24.svg]
[bestwpware.com/html/tm/orange-demo/orange/assets/owlcarousel/css/grabbing.html]
[bestwpware.com/html/tm/orange-demo/orange/assets/owlcarousel/css/AjaxLoader.html]
